🤟 Récolte de la LSF sur Wikimedia Commons (sources libres uniquement)

✅ Category:French Sign Language → 1628 fichier(s)
·  Category:Videos of French Sign Language → 0 fichier(s)
·  Category:French Sign Language alphabet → 0 fichier(s)
·  Category:Fingerspelling in French Sign Language → 0 fichier(s)
·  Category:French Sign Language signs → 0 fichier(s)
✅ Category:Langue des signes française → 1 fichier(s)
·  Category:LSF → 0 fichier(s)
·  Category:French manual alphabet → 0 fichier(s)
·  Category:Manual alphabets → 0 fichier(s)
·  Category:Numbers in French Sign Language → 0 fichier(s)
·  Category:Numerals in sign languages → 0 fichier(s)
✅ Category:Dactylologie → 1 fichier(s)
🔎 « langue des signes française OR "French Sign Lang… » → 3000 fichier(s)
🔎 « LSF lettre OR LSF alphabet OR dactylologie » → 409 fichier(s)
🔎 « LSF chiffre OR "sign language" chiffres français » → 89 fichier(s)
🔎 « "alphabet dactylologique" OR "alphabet manuel" f… » → 17 fichier(s)

3297 fichier(s) distincts à examiner…

📛 Comment les fichiers sont nommés (1947 familles) :

· « ll-q33302 (fsl)-laura » ×447  [video]  licence: CC BY 3.0
     LL-Q33302 (fsl)-Laura Jauvert-Amant.webm
     LL-Q33302 (fsl)-Laura Jauvert-Anniversaire.webm
     LL-Q33302 (fsl)-Laura Jauvert-Après-midi.webm
· « ll-q33302 (fsl)-hugo » ×85  [video]  licence: CC0
     LL-Q33302 (fsl)-Hugo en résidence-acheter.webm
     LL-Q33302 (fsl)-Hugo en résidence-adresse email.webm
     LL-Q33302 (fsl)-Hugo en résidence-achat.webm
· « festa do » ×73  [image]  licence: CC0 | CC BY-SA 4.0
     Festa do Software Livre 2024 - Bolo aniversário 20 anos FSL.jpg
     Festa do Software Livre 2024 03.jpg
     Festa do Software Livre 2024 15.jpg
· « fsl portugal » ×46  [image]  licence: CC BY-SA 4.0
     FSL Portugal 2023 - ANSOL - Tiago Carrondo.jpg
     FSL Portugal 2023 - DevPT - Apresentacao 1 B.jpg
     FSL Portugal 2023 - DevPT - Apresentacao 1 A.jpg
· « lsf vocab » ×30  [application]  licence: CC BY-SA 2.0
     LSF Vocab automatique.ogv
     LSF Vocab configuration.ogv
     LSF Vocab classificateur.ogv
· « lsf vocabthumb » ×29  [image]  licence: CC BY-SA 2.0
     LSF VocabThumb avocat.jpeg
     LSF VocabThumb amende.jpeg
     LSF VocabThumb automatique.jpeg
· « fsl 2025 » ×20  [image]  licence: CC BY-SA 4.0
     FSL 2025 opening cerimony.jpg
     Fsl 2025 FEUP 03.jpg
     Fsl 2025 FEUP 08.jpg
· « fsl 23 » ×18  [image]  licence: CC BY-SA 4.0
     FSL 23 - Autocolantes.jpg
     FSL 23 - Crachás.jpg
     FSL 23 - Students for Liberty.jpg
· « first day » ×17  [image]  licence: CC0
     First day of FSL 2024.jpg
     First day of FSL 2024 10.jpg
     First day of FSL 2024 13.jpg
· « fsl hamburg » ×14  [image]  licence: Public domain | CC BY 2.0
     FSL Hamburg (ship, 2005) IMO 9311713, IJmuiden, Port of Amsterdam pic1.JPG
     FSL Hamburg (ship, 2005) IMO 9311713, IJmuiden, Port of Amsterdam pic2.JPG
     FSL Hamburg (ship, 2005) IMO 9311713, IJmuiden, Port of Amsterdam pic3.JPG
· « federal register » ×14  [application]  licence: Public domain
     Federal Register 1949-10-22- Vol 14 Iss 205 (IA sim federal-register-find 1949-10-22 14 205).pdf
     Federal Register 1955-04-07- Vol 20 Iss 68 (IA sim federal-register-find 1955-04-07 20 68).pdf
     Federal Register 2004-12-14- Vol 69 Iss 239 (IA sim federal-register-find 2004-12-14 69 239).pdf
· « luka pona » ×14  [image]  licence: CC0
     Luka pona - j (one-handed fingerspelling).svg
     Luka pona - k (one-handed fingerspelling).svg
     Luka pona - n (one-handed fingerspelling).svg
· « fsl 2023 » ×13  [image]  licence: CC BY-SA 4.0
     FSL 2023 dia 1 - 4.jpg
     FSL 2023 dia 1 - 5.jpg
     FSL 2023 dia 1 - 7.jpg
· « rit nande » ×13  [application]  licence: Public domain
     RIT NandE Vol15Num41 1984 Aug30 Complete.pdf
     RIT NandE Vol19Num6 1987 Nov17 Complete.pdf
     RIT NandE Vol19Num20 1988 Aug18 Complete.pdf
· « gabriel guimarães » ×11  [image]  licence: CC BY-SA 4.0
     Gabriel Guimarães at FSL 2025.jpg
     Gabriel Guimarães at FSL 2025 9.jpg
     Gabriel Guimarães at FSL 2025 2.jpg
· « opregte haarlemsche » ×11  [application]  licence: Public domain
     Opregte Haarlemsche Courant 17-05-1851 (IA ddd 010518318 mpeg21).pdf
     Opregte Haarlemsche Courant 10-01-1843 (IA ddd 010518824 mpeg21).pdf
     Opregte Haarlemsche Courant 02-06-1821 (IA ddd 010517024 mpeg21).pdf
· « kandi kream » ×10  [image]  licence: CC BY-SA 2.5
     Kandi Kream LSF 4.JPG
     Kandi Kream LSF 1.JPG
     Kandi Kream LSF 2.JPG
· « dictionnaire général » ×10  [image]  licence: Public domain
     Dictionnaire général de la langue française de François Raymond-T1-0-Introductions 13.djvu
     Dictionnaire général de la langue française de François Raymond-T2-09-U.djvu
     Dictionnaire général de la langue française de François Raymond-T2-08-T.djvu
· « oj c » ×10  [application]  licence: Public domain
     OJ C 315 of 2018 - PT Portuguese.pdf
     OJ C 262 of 2015 - ET Estonian.pdf
     OJ C 344 of 2018 - IT Italian.pdf
· « ebace 2023, » ×9  [image]  licence: CC BY-SA 4.0
     EBACE 2023, Le Grand-Saconnex (EB237539).jpg
     EBACE 2023, Le Grand-Saconnex (EB237663).jpg
     EBACE 2023, Le Grand-Saconnex (EB237660).jpg
· « zrezlé stély » ×9  [image]  licence: CC BY-SA 4.0
     Zrezlé stély (Havlíčkovo náměstí) 02.jpg
     Zrezlé stély (Havlíčkovo náměstí) 03.jpg
     Zrezlé stély (Havlíčkovo náměstí) 01.jpg
· « lingua libre » ×8  [image,application]  licence: CC BY-SA 4.0
     Lingua Libre pronunciation-fsl and bug T312554-fixed-extension.png
     Lingua Libre pronunciation-fsl and bug T312554-fixed.png
     Lingua Libre pronunciation-fsl and bug T312554-broken.png
· « jaime villate » ×8  [image]  licence: CC BY-SA 4.0
     Jaime Villate at FSL 2025 opening cerimony.jpg
     Jaime Villate at FSL 2025 opening cerimony speach.jpg
     Jaime Villate at FSL 2025 opening cerimony 2.jpg
· « psittacosaurus smf » ×8  [image]  licence: CC BY 4.0
     Psittacosaurus SMF R 4970 integumentary types.png
     Psittacosaurus SMF R 4970 abdominal detail.png
     Psittacosaurus SMF R 4970 laser fluorescence (abdominal region).png
· « oj l » ×8  [application]  licence: Public domain
     OJ L 342 of 2012 - SV Swedish.pdf
     OJ L 224 of 2015 - DE German.pdf
     OJ L 224 of 2015 - PT Portuguese.pdf
· « leeuwarder courant » ×7  [application]  licence: Public domain
     Leeuwarder courant 07-10-1817 (IA ddd 010580421 mpeg21).pdf
     Leeuwarder courant 04-11-1807 (IA ddd 010578863 mpeg21).pdf
     Leeuwarder courant 04-08-1804 (IA ddd 010578525 mpeg21).pdf
· « annual report » ×7  [application]  licence: Public domain
     Annual report of the Philadelphia Sabbath Association (IA annualreportofph00phil 3).pdf
     Annual report of the Mobile and Ohio Railroad Company (IA annualreportofmo1890mobi).pdf
     Annual report of the Poor Law Commissioners for England and Wales (IA b33289657 0009).pdf
· « ll-q33302 (fsl)-caroline » ×6  [video]  licence: CC BY-SA 4.0
     LL-Q33302 (fsl)-Caroline (Guilhelma)-chinois.webm
     LL-Q33302 (fsl)-Caroline (Guilhelma)-crabes.webm
     LL-Q33302 (fsl)-Caroline (Guilhelma)-coquillage.webm
· « ll-q33302 (fsl)-roy » ×6  [video]  licence: CC0
     LL-Q33302 (fsl)-Roy Batty 82-chinois.webm
     LL-Q33302 (fsl)-Roy Batty 82-coquillage.webm
     LL-Q33302 (fsl)-Roy Batty 82-crabe.webm
· « sign language » ×6  [image]  licence: CC0 | CC BY-SA 4.0
     Sign language families.svg
     Sign language studio-fra-sea shell-anonimized.jpg
     Sign language alphabet.png
· « ricardo lafuente » ×6  [image]  licence: CC BY-SA 4.0
     Ricardo Lafuente at FSL 2025.jpg
     Ricardo Lafuente at FSL 2025 2.jpg
     Ricardo Lafuente at FSL 2025 4.jpg
· « concourse of » ×6  [image]  licence: CC BY-SA 4.0
     Concourse of FSL Shoujingmao Station (20210101174221).jpg
     Concourse of FSL Shoujingmao Station (20210101174158).jpg
     Concourse of FSL Shoujingmao Station (20210101173945).jpg
· « liga santafesina » ×6  [image]  licence: Public domain | CC BY-SA 4.0
     Liga Santafesina de Fútbol.png
     Liga Santafesina de Fútbol 01 - Sede en ciudad de Santa Fe 03.jpg
     Liga Santafesina de Fútbol 01 - Sede en ciudad de Santa Fe 01.jpg
· « 1961 bristol » ×6  [image]  licence: CC BY-SA 2.0 | CC BY-SA 4.0
     1961 Bristol FS 6G Lodekka-ECW - 53906825642.jpg
     1961 Bristol FS 6G Lodekka-ECW - 53908064789.jpg
     1961 Bristol FS 6G-ECW.jpg
· « victoria daily » ×6  [application]  licence: Public domain
     Victoria Daily Times (1899-01-16) (IA victoriadailytimes18990116).pdf
     Victoria Daily Times (1905-11-10) (IA victoriadailytimes19051110).pdf
     Victoria Daily Times (1899-03-01) (IA victoriadailytimes18990301).pdf
· « je ne » ×5  [video]  licence: CC BY 3.0
     Je ne suis pas là.webm
     Je ne veux pas.webm
     Je ne connais pas.webm
· « ll-q33302 (fsl)-yug-mrv, » ×5  [video]  licence: CC0
     LL-Q33302 (fsl)-Yug-MRV, AR033-cam 720px-light 2x spots + no sun.webm
     LL-Q33302 (fsl)-Yug-MRV, couloir-cam 720px-light no spots + sunny.webm
     LL-Q33302 (fsl)-Yug-MRV, R137-cam 720px-light 2x spots + sunny.webm
· « tricia oaks » ×5  [image]  licence: CC BY-SA 2.5
     Tricia Oaks LSF 1.JPG
     Tricia Oaks LSF 2.JPG
     Tricia Oaks LSF 3.JPG
· « alexandre oliva » ×5  [image]  licence: CC BY-SA 4.0
     Alexandre Oliva at FSL 2025.jpg
     Alexandre Oliva at FSL 2025 2.jpg
     Alexandre Oliva at FSL 2025 3.jpg
· « dictionnaire de » ×5  [image,application]  licence: Public domain
     Dictionnaire de la langue française du seizième siècle-Huguet-Tome3.djvu
     Dictionnaire de la langue française du seizième siècle-Huguet-Tome1-A-B.djvu
     Dictionnaire de la langue française au XIIe et au XIIIe siècle (IA dictionnairedela00hipp).pdf

(mode titres : rien n'a été écrit)
